[post-commit] 2026-05-24T08:36:39Z — refreshing Layer 1 + Layer 3
[cipher-analyze] Layer 1.1: repomix → repo map
Your repository has been successfully packed.

💡 Repomix is now available in your browser! Try it at https://repomix.com
[cipher-analyze] Layer 1.2: knip → dead exports (frontend)
[cipher-analyze] Layer 1.3: knip → dead exports (backend bridge)
[cipher-analyze] Layer 1.4: dependency-cruiser → import graph (frontend)
[cipher-analyze] Layer 1.5: dependency-cruiser → import graph (backend bridge)
[cipher-analyze] Layer 1.6: jscpd → copy-paste detection
[90m💡 Auto-refactor with AI: npx skills add kucherenko/jscpd[39m
[90m🎩 New: Gangsta Agents — discipline your AI coding → gangsta.page[39m
[90m💖 Support jscpd project → https://opencollective.com/jscpd[39m
[cipher-analyze] Layer 1.7: digesting → SUMMARY.md
[summarize-layer1] wrote /home/gcp/ozzu/.cipher/layer1/SUMMARY.md (110 lines)
[cipher-analyze] Layer 1 done. Outputs in /home/gcp/ozzu/.cipher/layer1/
total 2.4M
-rw-r--r-- 1 root root 3.3K May 24 08:37 SUMMARY.md
-rw-r--r-- 1 root root 246K May 24 08:37 depcruise-backend.json
-rw-r--r-- 1 root root 169K May 24 08:37 depcruise-frontend.json
drwxr-xr-x 2 root root 4.0K May 24 08:37 jscpd
-rw-r--r-- 1 root root  20K May 24 08:37 knip-backend.json
-rw-r--r-- 1 root root    0 May 24 08:37 knip-backend.log
-rw-r--r-- 1 root root  20K May 24 08:37 knip-frontend.json
-rw-r--r-- 1 root root    0 May 24 08:36 knip-frontend.log
-rw-r--r-- 1 root root 1.9M May 24 08:36 repomap.txt
[cipher-analyze] Layer 3: drift checks (hardcoded hex, dup layout constants, dup format helpers, broken routes)
[check-drift] wrote drift-report.json + SUMMARY.md (14260 files scanned)
[check-drift] findings per rule:
     209  hardcoded-hex-color
       0  duplicated-layout-constants
       0  duplicated-format-helpers
       0  broken-route-references
      12  bridge-tmp-path-usage
       0  broken-menu-references
[cipher-analyze] Layer 3 done. See /home/gcp/ozzu/.cipher/layer3/SUMMARY.md
[post-commit] 2026-05-24T08:37:44Z — done
[post-commit] 2026-05-24T08:46:11Z — refreshing Layer 1 + Layer 3
[cipher-analyze] Layer 1.1: repomix → repo map
Your repository has been successfully packed.

💡 Repomix is now available in your browser! Try it at https://repomix.com
[cipher-analyze] Layer 1.2: knip → dead exports (frontend)
[cipher-analyze] Layer 1.3: knip → dead exports (backend bridge)
[cipher-analyze] Layer 1.4: dependency-cruiser → import graph (frontend)
[cipher-analyze] Layer 1.5: dependency-cruiser → import graph (backend bridge)
[cipher-analyze] Layer 1.6: jscpd → copy-paste detection

